[integer(1),integer(2),integer(3),integer(4),integer(5),integer(6),integer(7),integer(8),integer(9),integer(10)]
