ok1
ok2
ok3
ok4
ok5
ok6
ok7
ok8
ok9
ok10
ok11
ok12
ok13
ok14
ok15
ok16
ok17
ok18
ok19
ok20
ok21
ok22
ok23
ok24
ok25
ok26
ok27
ok28
ok29
ok30
ok31
ok32
ok33
ok34
ok35
ok36
ok37
ok38
ok39
ok40
ok41
done
