[0,0,3,'']
[0,1,2,a]
[0,2,1,ab]
[0,3,0,abc]
[1,0,2,'']
[1,1,1,b]
[1,2,0,bc]
[2,0,1,'']
[2,1,0,c]
[3,0,0,'']

[0,2,1,ab]
[1,2,0,bc]

[0,2,1,ab]

[0,0,3,'']
[0,1,2,a]
[0,2,1,ab]
[0,3,0,abc]

[0,3,0,abc]
[1,2,0,bc]
[2,1,0,c]
[3,0,0,'']

[1,2,0,bc]
