-123456789012345678901234567890
1.8816763723536579e+78
42
42
9000000000900000000090
122443787781019052100
122443787781019052100
1234567890123456788901234657800000
3.0
