Frozen X=123, set Y=456
Y=456
OK done
Frozen X=123
OK done
Frozen X=123
OK done
