ok1
ok2
ok3
ok4
ok5
ok6
ok7
ok8
ok9
ok10
ok11
ok12
ok13
ok14
ok15
ok16
