"cdaafeg"
"cdaa"
"fe"
"g"
"cdaafeg"
"acdefg"
[bar(c),bar(d),bar(a),bar(a),bar(f),bar(e),bar(g)]
[bar(c),bar(d),bar(a),bar(a)]
[bar(f),bar(e)]
[bar(g)]
[bar(c),bar(d),bar(a),bar(a),bar(f),bar(e),bar(g)]
[bar(a),bar(c),bar(d),bar(e),bar(f),bar(g)]
