square(4,3)
square(3,1)
square(2,4)
square(1,2)


square(4,2)
square(3,4)
square(2,1)
square(1,3)


