"cd"
"ef"
"g"
"g"
"cd"
"ef"
"g"
"g"
"cd"
"ef"
"g"
"g"
"cd"
"ef"
"g"
"g"
"cd"
"ef"
"g"
"g"
"cd"
"ef"
"g"
"g"
"cd"
"ef"
"g"
"g"
"cd"
"ef"
"g"
"g"
"cd"
"ef"
"g"
"g"
"cd"
"ef"
"g"
"g"
