"abcd"
[] <==> "abcd"
"a" <==> "bcd"
"ab" <==> "cd"
"abc" <==> "d"
"abcd" <==> []
