 <==> abcdef
a <==> bcdef
ab <==> cdef
abc <==> def
abcd <==> ef
abcde <==> f
abcdef <==> 
