[[2,1,4,3,6,5,8,7,10,9],[[1,1,2,3,4,5,6,7,8,9],[1,1,3,2,5,4,7,6,9,8],[3,2,10,10,11,12,13,14,15,16],[2,3,10,10,12,11,14,13,16,15],[5,4,12,11,17,17,18,19,20,21],[4,5,11,12,17,17,19,18,21,20],[7,6,14,13,19,18,22,22,23,24],[6,7,13,14,18,19,22,22,24,23],[9,8,16,15,21,20,24,23,25,25],[8,9,15,16,20,21,23,24,25,25]],1300]
