path(angers,nantes).
path(paris,nantes).
path(chartres,nantes).
path(lemans,nantes).
