dummy(A,B,C,D) :- A+B,C+D.
dummy(A,B,C,D) :- A+B,C=D.
dummy((A-->B),C,D,E) :- list_goal(B,F),expand_term((A-->F),C).
dummy(g(A),[],B,C) :- B=[{A},!|C].
