'<https://josd.github.io/retina#s>'
'<https://josd.github.io/retina#o>'
ok
