   error(syntax_error(operator_expected),read_term_from_chars/3).
