log((- -10+sqrt(36))/(2*1))/log(2)
3.0
log((- -10-sqrt(36))/(2*1))/log(2)
1.0
