[[1,3],[2,4]]
[[_4,3],[2,_4]]
[[_170,_174],[_191,_195]]
[[_170,_191],[_174,_195]]
