1*2/(3*4)
- -a
- (1)
- -1
- - -a
- - (1)
- (-1- -1)
- (-1- +1)
- (-1-1)
- - -a
+ +1
+(+)
- (-)
- (-1- +a)
- (-1- -a)
