[trio(3,_8,_9),pair(2,_6)]
[pair(2,_6),trio(3,_8,_9)]
