   error(syntax_error(args),read_term_from_chars/3).
