   error(existence_error(procedure,bar/0),main/0).
