[p([0]),p([1,0]),p([2,1,0]),p([3,2,1,0]),p([4,3,2,1,0]),p([5,4,3,2,1,0]),p([6,5,4,3,2,1,0]),p([7,6,5,4,3,2,1,0]),p([8,7,6,5,4,3,2,1,0]),p([9,8,7,6,5,4,3,2,1,0])]
