Error: syntax error, near '?', operator expected, tests/issues-OLD/test245.pl:4
