1
2
-1
-2
1
-2
-1
1427247692705959881058285969449495136382746624
2854495385411919762116571938898990272765493248
-1427247692705959881058285969449495136382746624
-2854495385411919762116571938898990272765493248
-2
